[{"role":"assistant","content":"This is my message"},{"role":"user","content":"Hello?"}]