{
    "zone1": [
        93,
        112
    ],
    "zone2": [
        113,
        131
    ],
    "zone3": [
        132,
        149
    ],
    "zone4": [
        150,
        168
    ],
    "zone5": [
        169,
        18600
    ]
}
