{
    "id": 100,
    "birthDate": "1989-08-14",
    "firstname": "Robin",
    "lastname": "Ingelbrecht"
}
