[
    {
        "id": "4022",
        "obtainedOn": "2023-10-13",
        "name": "Castelli Keep It Up",
        "slug": "castelli-keep-it-up-2023"
    }
]
