[
    {
        "setOn": "2023-01-01",
        "ftpValue": 198
    },
    {
        "setOn": "2023-03-22",
        "ftpValue": 220
    },
    {
        "setOn": "2023-03-29",
        "ftpValue": 238
    },
    {
        "setOn": "2023-04-01",
        "ftpValue": 250
    }
]
