[
    {
        "activityId": "123456789",
        "unitSystem": "metric",
        "splitNumber": 3,
        "elapsedTimeInSeconds": 120,
        "movingTimeInSeconds": 110,
        "distanceInMeter": 100,
        "averageSpeedInMetersPerSecond": 3,
        "elevationDifferenceInMeter": 2,
        "averageHeartRate": null,
        "paceZone": 0
    }
]
